// Jest Snapshot v1, https://goo.gl/fbAQLP

exports[`matches snapshot 1`] = `
<DocumentFragment>
  <div>
    <button
      class="btn"
      type="button"
    >
      ‚ùå
    </button>
    <h3
      class="todo-item"
    />
  </div>
</DocumentFragment>
`;
